// Bun Snapshot v1, https://goo.gl/fbAQLP

exports[`create_clan instruction Works 1`] = `
TransactionInstruction {
  "data": {
    "data": [
      89,
      254,
      237,
      205,
      249,
      101,
      142,
      223,
      11,
      116,
      48,
      84,
      192,
      155,
      91,
      184,
      241,
      248,
      180,
      119,
      150,
      200,
      153,
      238,
      34,
      104,
      236,
      248,
      98,
      145,
      143,
      225,
      22,
      79,
      100,
      241,
      51,
      40,
      241,
      17,
    ],
    "type": "Buffer",
  },
  "keys": [
    {
      "isSigner": false,
      "isWritable": true,
      "pubkey": PublicKey(84kXamKaiX8oW73LUxP3aeAjniorCTceRSbePMLwEHdU) PublicKey {
        "_bn": BN {
          "length": 10,
          "negative": 0,
          "red": null,
          "words": [
            18357195,
            14762394,
            33935218,
            4108127,
            185485,
            9115995,
            4820689,
            60596333,
            7461006,
            1719793,
            0,
          ],
        },
      },
    },
    {
      "isSigner": false,
      "isWritable": false,
      "pubkey": PublicKey(8CyksxgQZZfHGdo4rKNEnxewQjfc8o2Vp6nkeBaJSMyB) PublicKey {
        "_bn": BN {
          "length": 10,
          "negative": 0,
          "red": null,
          "words": [
            30635298,
            42582602,
            15440669,
            57004812,
            12947099,
            53508116,
            22309469,
            13496098,
            55061594,
            1754327,
            0,
          ],
        },
      },
    },
    {
      "isSigner": false,
      "isWritable": false,
      "pubkey": PublicKey(HvNCWxs9Dw8rUFYbZyu6fyBGKnrdVGHK3FAEnHrWTJLh) PublicKey {
        "_bn": BN {
          "length": 10,
          "negative": 0,
          "red": null,
          "words": [
            28714458,
            42627492,
            56117900,
            14485162,
            67066954,
            26076929,
            44354425,
            65424630,
            37015273,
            4118959,
            0,
          ],
        },
      },
    },
    {
      "isSigner": true,
      "isWritable": true,
      "pubkey": PublicKey(aJ5V8qydHkhhGs5PnaStqi2mib4PH6uFLzntRS9AsyC) PublicKey {
        "_bn": BN {
          "length": 10,
          "negative": 0,
          "red": null,
          "words": [
            35966667,
            64790798,
            28267062,
            55104557,
            18458849,
            18333547,
            30637714,
            3871533,
            31555561,
            139742,
            0,
          ],
        },
      },
    },
    {
      "isSigner": false,
      "isWritable": false,
      "pubkey": PublicKey(8NVti4ugmx34MXYjqKnDU4hRK7Qcd8NYApUYcAJVPovJ) PublicKey {
        "_bn": BN {
          "length": 10,
          "negative": 0,
          "red": null,
          "words": [
            55426587,
            4214844,
            50971942,
            16580541,
            36222557,
            30316790,
            13598994,
            32655308,
            5771885,
            1794283,
            0,
          ],
        },
      },
    },
    {
      "isSigner": false,
      "isWritable": true,
      "pubkey": PublicKey(6H4fxyqCWpoX45EU5B6Vsydx4pC6C21QcAhSZSV1Ha4f) PublicKey {
        "_bn": BN {
          "length": 10,
          "negative": 0,
          "red": null,
          "words": [
            49902520,
            21714179,
            17690914,
            20025203,
            43237040,
            40198535,
            30022711,
            57206260,
            18509008,
            1284600,
            0,
          ],
        },
      },
    },
    {
      "isSigner": false,
      "isWritable": true,
      "pubkey": PublicKey(GNrXssaAYghsX9wqEPHHvqty3M4n2m3rkAnFyEw4WSca) PublicKey {
        "_bn": BN {
          "length": 10,
          "negative": 0,
          "red": null,
          "words": [
            29149003,
            7267467,
            22828763,
            67022307,
            22983827,
            26398233,
            10670162,
            43722188,
            31388465,
            3743264,
            0,
          ],
        },
      },
    },
    {
      "isSigner": true,
      "isWritable": true,
      "pubkey": PublicKey(11111111111111111111111111111111) PublicKey {
        "_bn": BN {
          "length": 1,
          "negative": 0,
          "red": null,
          "words": [
            0,
            0,
            0,
            0,
            0,
            0,
            0,
            0,
            0,
            0,
            0,
          ],
        },
      },
    },
    {
      "isSigner": false,
      "isWritable": false,
      "pubkey": PublicKey(11111111111111111111111111111111) PublicKey {
        "_bn": BN {
          "length": 1,
          "negative": 0,
          "red": null,
          "words": [
            0,
            0,
            0,
            0,
            0,
            0,
            0,
            0,
            0,
            0,
            0,
          ],
        },
      },
    },
    {
      "isSigner": false,
      "isWritable": false,
      "pubkey": PublicKey(AVqrBPNur5vto9EJaETnD6HSqjpxfGQ8zPTrz9EY7T4q) PublicKey {
        "_bn": BN {
          "length": 10,
          "negative": 0,
          "red": null,
          "words": [
            38457094,
            40517353,
            17177782,
            50053934,
            32227265,
            50906058,
            16292502,
            28355499,
            24179668,
            2311979,
            0,
          ],
        },
      },
    },
  ],
  "programId": PublicKey(VoTaGDreyne7jk59uwbgRRbaAzxvNbyNipaJMrRXhjT) PublicKey {
    "_bn": BN {
      "length": 10,
      "negative": 0,
      "red": null,
      "words": [
        8873870,
        60943108,
        23935113,
        33099803,
        59555925,
        65803128,
        11262563,
        66819466,
        50754419,
        120882,
        0,
      ],
    },
  },
}
`;
