// Jest Snapshot v1, https://goo.gl/fbAQLP

exports[`set_clan_owner instruction Works 1`] = `
{
  "data": [
    122,
    149,
    85,
    138,
    85,
    138,
    83,
    104,
    99,
    48,
    41,
    252,
    193,
    126,
    60,
    166,
    211,
    234,
    115,
    2,
    99,
    0,
    204,
    68,
    77,
    83,
    144,
    6,
    213,
    199,
    52,
    220,
    92,
    152,
    102,
    101,
    126,
    183,
    219,
    228,
  ],
  "keys": [
    {
      "isSigner": false,
      "isWritable": true,
      "pubkey": "7GYCtRSpMmTMgxWvg7NtW5ESw9yX3jXBmNMw7wvn7D41",
    },
    {
      "isSigner": true,
      "isWritable": false,
      "pubkey": "4P4rFuYLKjF3WPLiof8XYXEzdHoiT6ofVaxU2YP8u5hR",
    },
  ],
  "programId": "VoTaGDreyne7jk59uwbgRRbaAzxvNbyNipaJMrRXhjT",
}
`;
