// Bun Snapshot v1, https://goo.gl/fbAQLP

exports[`set_voting_delegate instruction Works 1`] = `
TransactionInstruction {
  "data": {
    "data": [
      193,
      38,
      118,
      192,
      168,
      247,
      89,
      159,
      16,
      163,
      237,
      123,
      124,
      124,
      153,
      37,
      232,
      158,
      84,
      15,
      142,
      71,
      210,
      116,
      249,
      49,
      59,
      169,
      251,
      219,
      70,
      238,
      254,
      220,
      113,
      198,
      44,
      85,
      207,
      110,
    ],
    "type": "Buffer",
  },
  "keys": [
    {
      "isSigner": false,
      "isWritable": true,
      "pubkey": PublicKey(DuM9aEHBoBXutMXhwHs7pcNjUjTP7B5LP5DFHSDm1fkb) PublicKey {
        "_bn": BN {
          "length": 10,
          "negative": 0,
          "red": null,
          "words": [
            18962872,
            37959686,
            38695784,
            41453090,
            10287901,
            27111564,
            62812882,
            62434450,
            32805894,
            3140942,
            0,
          ],
        },
      },
    },
    {
      "isSigner": true,
      "isWritable": false,
      "pubkey": PublicKey(BMstgCn75bL2K9UkYgZfzzbARHq8ACYvYAXNCD9BgB8P) PublicKey {
        "_bn": BN {
          "length": 10,
          "negative": 0,
          "red": null,
          "words": [
            9518156,
            21181626,
            45323195,
            64093915,
            41654852,
            51213271,
            48468858,
            14795592,
            53328566,
            2521985,
            0,
          ],
        },
      },
    },
    {
      "isSigner": false,
      "isWritable": false,
      "pubkey": PublicKey(48qXFsNn3spMD1i377TqdZuMYxB5d2nSqLNL2JVoUAr3) PublicKey {
        "_bn": BN {
          "length": 10,
          "negative": 0,
          "red": null,
          "words": [
            64855992,
            24212213,
            65914916,
            2982244,
            63068567,
            52728712,
            45045579,
            41073943,
            24416453,
            763199,
            0,
          ],
        },
      },
    },
    {
      "isSigner": false,
      "isWritable": false,
      "pubkey": PublicKey(6ZBgAffxDMdtusXSCMmMBmUKVB1sTbGmEkUutEQYVypM) PublicKey {
        "_bn": BN {
          "length": 10,
          "negative": 0,
          "red": null,
          "words": [
            22592522,
            845145,
            3156002,
            58841558,
            55547839,
            32464898,
            16061045,
            46410069,
            55761934,
            1352261,
            0,
          ],
        },
      },
    },
    {
      "isSigner": false,
      "isWritable": true,
      "pubkey": PublicKey(ACUaZMh7WVj2VzyWKRPU1KQnWruxyk5Y9uH5XUkCSnHY) PublicKey {
        "_bn": BN {
          "length": 10,
          "negative": 0,
          "red": null,
          "words": [
            17963595,
            10341925,
            64811215,
            3985405,
            55797531,
            42730271,
            55114980,
            36423887,
            19075660,
            2239088,
            0,
          ],
        },
      },
    },
    {
      "isSigner": false,
      "isWritable": false,
      "pubkey": PublicKey(9nFWsaXRuQ3ttgotdbYobW7FUYqfYgH1xnxQ3XXS6K2Z) PublicKey {
        "_bn": BN {
          "length": 10,
          "negative": 0,
          "red": null,
          "words": [
            7874682,
            50512565,
            18604504,
            30409719,
            35059846,
            42254357,
            25295529,
            64086380,
            54853966,
            2137410,
            0,
          ],
        },
      },
    },
  ],
  "programId": PublicKey(VoTaGDreyne7jk59uwbgRRbaAzxvNbyNipaJMrRXhjT) PublicKey {
    "_bn": BN {
      "length": 10,
      "negative": 0,
      "red": null,
      "words": [
        8873870,
        60943108,
        23935113,
        33099803,
        59555925,
        65803128,
        11262563,
        66819466,
        50754419,
        120882,
        0,
      ],
    },
  },
}
`;
