// Bun Snapshot v1, https://goo.gl/fbAQLP

exports[`update_proposal_vote instruction Works 1`] = `
TransactionInstruction {
  "data": {
    "data": [
      22,
      86,
      173,
      132,
      228,
      210,
      48,
      151,
    ],
    "type": "Buffer",
  },
  "keys": [
    {
      "isSigner": false,
      "isWritable": true,
      "pubkey": PublicKey(5nYvDD2VT4Zx1kxNohfATAAMMxpajEQkaD4vyHrNyGJR) PublicKey {
        "_bn": BN {
          "length": 10,
          "negative": 0,
          "red": null,
          "words": [
            61969086,
            56097209,
            38522167,
            22027141,
            44359793,
            59094752,
            10403524,
            46903005,
            19360877,
            1164926,
            0,
          ],
        },
      },
    },
    {
      "isSigner": false,
      "isWritable": false,
      "pubkey": PublicKey(5HNh2T1Xv3RNwQuSoUXhdy6UZPr9VYZBHQuWzrGZSUqx) PublicKey {
        "_bn": BN {
          "length": 10,
          "negative": 0,
          "red": null,
          "words": [
            18123755,
            5757342,
            5388769,
            50592869,
            3954940,
            31854970,
            57136948,
            48058040,
            13781455,
            1042468,
            0,
          ],
        },
      },
    },
    {
      "isSigner": false,
      "isWritable": false,
      "pubkey": PublicKey(GCfsGVkUtbJTXC1uU6qNTktghf1ND4Mn1gqWYHrKU7c3) PublicKey {
        "_bn": BN {
          "length": 10,
          "negative": 0,
          "red": null,
          "words": [
            14834240,
            58035910,
            49412216,
            53469220,
            60481551,
            56324336,
            54517476,
            44771747,
            62212466,
            3700520,
            0,
          ],
        },
      },
    },
    {
      "isSigner": false,
      "isWritable": false,
      "pubkey": PublicKey(2xmdXeiV9azNt2aW9FTPAuwnrJ2Lb4gZqtHsN1A8EP6v) PublicKey {
        "_bn": BN {
          "length": 10,
          "negative": 0,
          "red": null,
          "words": [
            55693063,
            54538942,
            8604916,
            4398723,
            10744168,
            40695456,
            1353329,
            9859640,
            3230881,
            477510,
            0,
          ],
        },
      },
    },
    {
      "isSigner": false,
      "isWritable": false,
      "pubkey": PublicKey(4uynsQ25jPGzpK7ZwFYB5R7Qvy6reXe3pRBpws3sFE8G) PublicKey {
        "_bn": BN {
          "length": 10,
          "negative": 0,
          "red": null,
          "words": [
            26693001,
            49501911,
            41732767,
            19421841,
            66678386,
            44254438,
            54674187,
            19967447,
            33123642,
            952670,
            0,
          ],
        },
      },
    },
    {
      "isSigner": false,
      "isWritable": true,
      "pubkey": PublicKey(2TrqzfsojMCXBpR2RoRGf6vJ39hP1fcYZ3qvzTSU5tAc) PublicKey {
        "_bn": BN {
          "length": 10,
          "negative": 0,
          "red": null,
          "words": [
            10792009,
            28379722,
            9404275,
            8819746,
            43112967,
            1993951,
            39191264,
            51473836,
            29861645,
            356169,
            0,
          ],
        },
      },
    },
    {
      "isSigner": false,
      "isWritable": true,
      "pubkey": PublicKey(YmoYimqAG2EVcn5RdW9od3jXNNEGRLvg65yCGkuqWMY) PublicKey {
        "_bn": BN {
          "length": 10,
          "negative": 0,
          "red": null,
          "words": [
            46874523,
            64651139,
            15443642,
            47894726,
            13477292,
            29938569,
            43087945,
            43514584,
            30995171,
            133354,
            0,
          ],
        },
      },
    },
    {
      "isSigner": false,
      "isWritable": true,
      "pubkey": PublicKey(BFCAhwpbrNZfPtNzGtf14ckeXcDRYCzNC2zBKX8LLCh4) PublicKey {
        "_bn": BN {
          "length": 10,
          "negative": 0,
          "red": null,
          "words": [
            59503271,
            34072060,
            48323839,
            19453488,
            31292829,
            42872141,
            18572706,
            10235021,
            10937907,
            2493928,
            0,
          ],
        },
      },
    },
    {
      "isSigner": false,
      "isWritable": false,
      "pubkey": PublicKey(J7HEwThZ62S789TdBCATixaNMvovjXnN88qjH4moxSFN) PublicKey {
        "_bn": BN {
          "length": 10,
          "negative": 0,
          "red": null,
          "words": [
            53363581,
            60481416,
            10601011,
            11957757,
            13472368,
            54810654,
            2037198,
            63010609,
            42837245,
            4164769,
            0,
          ],
        },
      },
    },
    {
      "isSigner": false,
      "isWritable": true,
      "pubkey": PublicKey(CHUSDriSHbrVn8JeAveYC4dgdsxvmtpM4i8rykQkbTvL) PublicKey {
        "_bn": BN {
          "length": 10,
          "negative": 0,
          "red": null,
          "words": [
            3635677,
            3059973,
            15308077,
            6724564,
            22941632,
            56071264,
            58417319,
            19405728,
            44887460,
            2746935,
            0,
          ],
        },
      },
    },
    {
      "isSigner": false,
      "isWritable": false,
      "pubkey": PublicKey(5mmWyxTexBSM4XLPfSmiNoG5e8rZpGcZoBfyxKE4W9BD) PublicKey {
        "_bn": BN {
          "length": 10,
          "negative": 0,
          "red": null,
          "words": [
            56680520,
            30718302,
            58522471,
            11044063,
            38497358,
            57996517,
            35585688,
            39289883,
            59095189,
            1161640,
            0,
          ],
        },
      },
    },
    {
      "isSigner": false,
      "isWritable": false,
      "pubkey": PublicKey(VoTaGDreyne7jk59uwbgRRbaAzxvNbyNipaJMrRXhjT) PublicKey {
        "_bn": BN {
          "length": 10,
          "negative": 0,
          "red": null,
          "words": [
            8873870,
            60943108,
            23935113,
            33099803,
            59555925,
            65803128,
            11262563,
            66819466,
            50754419,
            120882,
            0,
          ],
        },
      },
    },
    {
      "isSigner": false,
      "isWritable": true,
      "pubkey": PublicKey(79RLV4UPM7BWR1WwJmhsCvvM3SVYCJAwWWevATS56X6o) PublicKey {
        "_bn": BN {
          "length": 10,
          "negative": 0,
          "red": null,
          "words": [
            4461360,
            58977221,
            15565329,
            2029576,
            49443948,
            63907247,
            6603228,
            40628402,
            15039176,
            1495954,
            0,
          ],
        },
      },
    },
    {
      "isSigner": true,
      "isWritable": true,
      "pubkey": PublicKey(11111111111111111111111111111111) PublicKey {
        "_bn": BN {
          "length": 1,
          "negative": 0,
          "red": null,
          "words": [
            0,
            0,
            0,
            0,
            0,
            0,
            0,
            0,
            0,
            0,
            0,
          ],
        },
      },
    },
    {
      "isSigner": false,
      "isWritable": false,
      "pubkey": PublicKey(11111111111111111111111111111111) PublicKey {
        "_bn": BN {
          "length": 1,
          "negative": 0,
          "red": null,
          "words": [
            0,
            0,
            0,
            0,
            0,
            0,
            0,
            0,
            0,
            0,
            0,
          ],
        },
      },
    },
    {
      "isSigner": false,
      "isWritable": false,
      "pubkey": PublicKey(3xNbuehooXRpHEbntV4BCwaaMdLHrGcfvjdopTA6idRq) PublicKey {
        "_bn": BN {
          "length": 10,
          "negative": 0,
          "red": null,
          "words": [
            10823944,
            60529926,
            696011,
            7145378,
            4135132,
            53082547,
            30530522,
            52587429,
            39837786,
            719279,
            0,
          ],
        },
      },
    },
  ],
  "programId": PublicKey(VoTaGDreyne7jk59uwbgRRbaAzxvNbyNipaJMrRXhjT) PublicKey {
    "_bn": BN {
      "length": 10,
      "negative": 0,
      "red": null,
      "words": [
        8873870,
        60943108,
        23935113,
        33099803,
        59555925,
        65803128,
        11262563,
        66819466,
        50754419,
        120882,
        0,
      ],
    },
  },
}
`;
