// Bun Snapshot v1, https://goo.gl/fbAQLP

exports[`join_clan instruction Works 1`] = `
TransactionInstruction {
  "data": {
    "data": [
      218,
      113,
      190,
      239,
      4,
      91,
      106,
      206,
    ],
    "type": "Buffer",
  },
  "keys": [
    {
      "isSigner": false,
      "isWritable": true,
      "pubkey": PublicKey(2T5rQ4Crtv4yxxs5myXQEPXyanwMnkimseRon7pzPRvf) PublicKey {
        "_bn": BN {
          "length": 10,
          "negative": 0,
          "red": null,
          "words": [
            39487464,
            54576989,
            66557893,
            32028752,
            49097065,
            55323534,
            16719996,
            37304883,
            35006655,
            352913,
            0,
          ],
        },
      },
    },
    {
      "isSigner": true,
      "isWritable": false,
      "pubkey": PublicKey(7RLeU6Hv1Wzd6GpYiVcm4FgH9DQpJxAeGpWhWgmBtrZu) PublicKey {
        "_bn": BN {
          "length": 10,
          "negative": 0,
          "red": null,
          "words": [
            17178032,
            6830781,
            46391999,
            2678306,
            10757367,
            7361388,
            32549969,
            23186142,
            39239674,
            1562769,
            0,
          ],
        },
      },
    },
    {
      "isSigner": false,
      "isWritable": true,
      "pubkey": PublicKey(DWCHP6gPZeE7mggkrFtbrcNjn7NhKSrwwhanrFJBecvZ) PublicKey {
        "_bn": BN {
          "length": 10,
          "negative": 0,
          "red": null,
          "words": [
            48915222,
            38003857,
            24532236,
            6656886,
            13446302,
            22462886,
            28567731,
            25551796,
            66743007,
            3043765,
            0,
          ],
        },
      },
    },
    {
      "isSigner": false,
      "isWritable": false,
      "pubkey": PublicKey(BzVuuiNRYp5NCkTBR7KpM64c3EJ5HjuHEzGqX1nbWWUN) PublicKey {
        "_bn": BN {
          "length": 10,
          "negative": 0,
          "red": null,
          "words": [
            5971983,
            27961988,
            44297099,
            40509199,
            18496327,
            12758528,
            20881507,
            36603530,
            44169095,
            2675690,
            0,
          ],
        },
      },
    },
    {
      "isSigner": false,
      "isWritable": true,
      "pubkey": PublicKey(4dX2rDrR3pkixrBry19YnU1jck6mtfGziESaNhWZHzrE) PublicKey {
        "_bn": BN {
          "length": 10,
          "negative": 0,
          "red": null,
          "words": [
            20094283,
            26401473,
            49006016,
            43956182,
            39951003,
            47399785,
            15468599,
            59865983,
            22239728,
            883579,
            0,
          ],
        },
      },
    },
    {
      "isSigner": false,
      "isWritable": false,
      "pubkey": PublicKey(BG6spgWJccBj7Y8VHfdhx4HXLgyzqecTfS5Rjx2wLhrT) PublicKey {
        "_bn": BN {
          "length": 10,
          "negative": 0,
          "red": null,
          "words": [
            59327884,
            64252112,
            27929104,
            21176826,
            61363990,
            62961203,
            11287407,
            33833427,
            29801411,
            2497742,
            0,
          ],
        },
      },
    },
    {
      "isSigner": false,
      "isWritable": false,
      "pubkey": PublicKey(FWFMJ1qeKUBqk9Mnuigf6Ln3PaPuBD69FLxZeB66YoCP) PublicKey {
        "_bn": BN {
          "length": 10,
          "negative": 0,
          "red": null,
          "words": [
            60591188,
            48147032,
            30662027,
            39731127,
            44725213,
            7359639,
            58198680,
            14712769,
            60233696,
            3530859,
            0,
          ],
        },
      },
    },
    {
      "isSigner": false,
      "isWritable": true,
      "pubkey": PublicKey(ApnCQDSeiRRbc4Bq9rNebfnyQdaNyM1suSbZ1vCmSUaF) PublicKey {
        "_bn": BN {
          "length": 10,
          "negative": 0,
          "red": null,
          "words": [
            21981212,
            24849885,
            28276057,
            14787534,
            18298572,
            56237326,
            59040209,
            36498233,
            26403464,
            2391461,
            0,
          ],
        },
      },
    },
  ],
  "programId": PublicKey(VoTaGDreyne7jk59uwbgRRbaAzxvNbyNipaJMrRXhjT) PublicKey {
    "_bn": BN {
      "length": 10,
      "negative": 0,
      "red": null,
      "words": [
        8873870,
        60943108,
        23935113,
        33099803,
        59555925,
        65803128,
        11262563,
        66819466,
        50754419,
        120882,
        0,
      ],
    },
  },
}
`;
